// Jest Snapshot v1, https://goo.gl/fbAQLP

exports[`<Switch /> GIVEN a <Switch />
      WHEN render is called
      THEN should render a <Switch /> 1`] = `
<div>
  <button
    aria-checked="false"
    class="octo-UI-c-liqGON octo-UI-c-liqGON-gYIKvC-color-error"
    data-state="unchecked"
    role="switch"
    type="button"
    value="on"
  >
    <span
      class="octo-UI-c-kBJywl"
      data-state="unchecked"
    />
  </button>
</div>
`;

exports[`<Switch /> GIVEN a <Switch />, <SwitchLabel /> and <SwitchContainer />
      WHEN render it's disabled
      THEN should match to snapshot 1`] = `
<div>
  <div
    class="octo-UI-c-iQGaKg"
  >
    <label
      class="octo-UI-c-gHWBzz octo-UI-c-kwAZbD octo-UI-c-gWerhV octo-UI-c-gWerhV-iMVRpC-size-3 octo-UI-c-gWerhV-iiZhlqR-css"
      for="switch-label"
    >
      Switch Label
    </label>
    <button
      aria-checked="false"
      class="octo-UI-c-liqGON octo-UI-c-liqGON-gYIKvC-color-error"
      data-disabled=""
      data-state="unchecked"
      disabled=""
      id="switch-label"
      role="switch"
      type="button"
      value="on"
    >
      <span
        class="octo-UI-c-kBJywl"
        data-disabled=""
        data-state="unchecked"
      />
    </button>
  </div>
</div>
`;

exports[`<Switch /> GIVEN a <Switch />, <SwitchLabel /> and <SwitchContainer />
      WHEN render it's enabled
      THEN should match to snapshot 1`] = `
<div>
  <div
    class="octo-UI-c-iQGaKg"
  >
    <label
      class="octo-UI-c-gHWBzz octo-UI-c-kwAZbD octo-UI-c-gWerhV octo-UI-c-gWerhV-iMVRpC-size-3 octo-UI-c-gWerhV-iisyIHw-css"
      for="switch-label"
    >
      Switch Label
    </label>
    <button
      aria-checked="false"
      class="octo-UI-c-liqGON octo-UI-c-liqGON-gYIKvC-color-error"
      data-state="unchecked"
      id="switch-label"
      role="switch"
      type="button"
      value="on"
    >
      <span
        class="octo-UI-c-kBJywl"
        data-state="unchecked"
      />
    </button>
  </div>
</div>
`;
