// Jest Snapshot v1, https://goo.gl/fbAQLP

exports[`<Slider /> GIVEN a <Slider />
      WHEN render is called
      THEN should render a <Slider /> 1`] = `
<div>
  <span
    aria-disabled="false"
    class="octo-UI-c-eWmfpo octo-UI-c-eWmfpo-RICCB-color-unstyled"
    data-orientation="horizontal"
    dir="ltr"
    style="--radix-slider-thumb-transform: translateX(-50%);"
  >
    <span
      class="octo-UI-c-gbhTzR"
      data-orientation="horizontal"
    >
      <span
        class="octo-UI-c-eFZlhW"
        data-orientation="horizontal"
        style="left: 0%; right: 100%;"
      />
    </span>
    <span
      style="transform: var(--radix-slider-thumb-transform); position: absolute; left: calc(0% + 0px);"
    >
      <span
        aria-orientation="horizontal"
        aria-valuemax="100"
        aria-valuemin="0"
        aria-valuenow="0"
        class="octo-UI-c-iAtlAa"
        data-orientation="horizontal"
        data-radix-collection-item=""
        role="slider"
        style=""
        tabindex="0"
      />
    </span>
  </span>
</div>
`;
