// Jest Snapshot v1, https://goo.gl/fbAQLP

exports[`<Separator /> GIVEN a <Separator />
      WHEN render is called
      THEN should render a <Separator /> 1`] = `
<div>
  <div
    class="octo-UI-c-hxgBlx octo-UI-c-hxgBlx-iiyWNbn-css"
    data-orientation="horizontal"
    role="separator"
  />
</div>
`;

exports[`<Separator /> GIVEN a <Separator />
      WHEN render is called
      THEN should render a <Separator /> 2`] = `
<div>
  <div
    class="octo-UI-c-hxgBlx octo-UI-c-hxgBlx-ifhNQnn-css"
    data-orientation="horizontal"
    role="separator"
  />
</div>
`;
